eglib/src/gfile-posix.c
eglib/src/gfile-win32.c
eglib/src/giconv.c
eglib/src/gmodule-win32.c
eglib/src/gstring.c
external/cecil
libgc/alloc.c
libgc/include/private/gc_locks.h
libgc/obj_map.c
libgc/ptr_chck.c
man/mkbundle.1
man/mono.1
mcs/build/gensources.sh
mcs/build/library.make
mcs/build/profiles/monotouch.make
mcs/build/profiles/monotouch_runtime.make
mcs/class/Managed.Windows.Forms/build-csproj
mcs/class/Microsoft.Build.Tasks/Microsoft.Build.Tasks/GetReferenceAssemblyPaths.cs
mcs/class/Mono.Debugger.Soft/Test/dtest-app.cs
mcs/class/Mono.Debugger.Soft/Test/dtest.cs
mcs/class/Mono.Management/Mono.Attach/VirtualMachine.cs
mcs/class/Mono.Posix/Mono.Posix_test.dll.sources
mcs/class/Mono.Posix/Mono.Unix.Native/Syscall.cs
mcs/class/Mono.Posix/Mono.Unix/UnixPath.cs
mcs/class/Mono.Posix/Mono.Unix/UnixSymbolicLinkInfo.cs
mcs/class/RabbitMQ.Client/Makefile.orig
mcs/class/System.ComponentModel.Composition.4.5/Makefile
mcs/class/System.ComponentModel.Composition.4.5/src/ComponentModel/Microsoft/Internal/GenerationServices.cs
mcs/class/System.ComponentModel.Composition.4.5/src/ComponentModel/System/ComponentModel/Composition/MetadataViewGenerator.cs
mcs/class/System.ComponentModel.Composition.4.5/src/ComponentModel/System/ComponentModel/Composition/MetadataViewProvider.cs
mcs/class/System.ComponentModel.Composition.4.5/src/ComponentModel/System/ComponentModel/Composition/Primitives/ExportedDelegate.cs
mcs/class/System.ComponentModel.DataAnnotations/Makefile
mcs/class/System.ComponentModel.DataAnnotations/System.ComponentModel.DataAnnotations/DataType.cs
mcs/class/System.ComponentModel.DataAnnotations/System.ComponentModel.DataAnnotations/DataTypeAttribute.cs
mcs/class/System.ComponentModel.DataAnnotations/System.ComponentModel.DataAnnotations/MaxLengthAttribute.cs
mcs/class/System.ComponentModel.DataAnnotations/System.ComponentModel.DataAnnotations/MinLengthAttribute.cs
mcs/class/System.ComponentModel.DataAnnotations/System.ComponentModel.DataAnnotations/RangeAttribute.cs
mcs/class/System.ComponentModel.DataAnnotations/System.ComponentModel.DataAnnotations/RegularExpressionAttribute.cs
mcs/class/System.ComponentModel.DataAnnotations/System.ComponentModel.DataAnnotations/StringLengthAttribute.cs
mcs/class/System.ComponentModel.DataAnnotations/System.ComponentModel.DataAnnotations/TimestampAttribute.cs
mcs/class/System.ComponentModel.DataAnnotations/System.ComponentModel.DataAnnotations/ValidationAttribute.cs
mcs/class/System.ComponentModel.DataAnnotations/System.ComponentModel.DataAnnotations/ValidationResult.cs
mcs/class/System.ComponentModel.DataAnnotations/System.ComponentModel.DataAnnotations_test.dll.sources
mcs/class/System.ComponentModel.DataAnnotations/Test/System.ComponentModel.DataAnnotations/AssociatedMetadataTypeTypeDescriptionProviderTests.cs
mcs/class/System.ComponentModel.DataAnnotations/net_4_5_System.ComponentModel.DataAnnotations.dll.sources
mcs/class/System.Core/Makefile
mcs/class/System.Core/System.Collections.Generic/HashSet.cs
mcs/class/System.Core/System.IO.MemoryMappedFiles/MemoryMappedFile.cs
mcs/class/System.Core/System.Linq.Expressions/BinaryExpression.cs
mcs/class/System.Core/System.Linq.Expressions/ConditionalExpression.cs
mcs/class/System.Core/System.Linq.Expressions/ConstantExpression.cs
mcs/class/System.Core/System.Linq.Expressions/ElementInit.cs
mcs/class/System.Core/System.Linq.Expressions/Expression.cs
mcs/class/System.Core/System.Linq.Expressions/ExpressionVisitor.cs
mcs/class/System.Core/System.Linq.Expressions/Extensions.cs
mcs/class/System.Core/System.Linq.Expressions/LambdaExpression.cs
mcs/class/System.Core/System.Linq.Expressions/MemberAssignment.cs
mcs/class/System.Core/System.Linq.Expressions/MemberBinding.cs
mcs/class/System.Core/System.Linq.Expressions/MemberExpression.cs
mcs/class/System.Core/System.Linq.Expressions/MemberListBinding.cs
mcs/class/System.Core/System.Linq.Expressions/MemberMemberBinding.cs
mcs/class/System.Core/System.Linq.Expressions/MethodCallExpression.cs
mcs/class/System.Core/System.Linq.Expressions/NewArrayExpression.cs
mcs/class/System.Core/System.Linq.Expressions/NewExpression.cs
mcs/class/System.Core/System.Linq.Expressions/ParameterExpression.cs
mcs/class/System.Core/System.Linq.Expressions/TypeBinaryExpression.cs
mcs/class/System.Core/System.Linq.Expressions/UnaryExpression.cs
mcs/class/System.Core/System.Threading/ReaderWriterLockSlim.cs
mcs/class/System.Core/System/TimeZoneInfo.AdjustmentRule.cs
mcs/class/System.Core/System/TimeZoneInfo.Android.cs
mcs/class/System.Core/System/TimeZoneInfo.TransitionTime.cs
mcs/class/System.Core/System/TimeZoneInfo.cs
mcs/class/System.Core/Test/System.Linq.Expressions/ExpressionTest_Equal.cs
mcs/class/System.Core/Test/System.Threading/ReaderWriterLockSlimTest.cs
mcs/class/System.Core/Test/System/TimeZoneInfo.AdjustmentRuleTest.cs
mcs/class/System.Core/Test/System/TimeZoneInfo.TransitionTimeTest.cs
mcs/class/System.Core/Test/System/TimeZoneInfoTest.cs
mcs/class/System.Data/Makefile
mcs/class/System.Data/System.Data.Common/DataContainer.cs
mcs/class/System.Data/System.Data/DataRowCollection.cs
mcs/class/System.DirectoryServices.Protocols/Assembly/AssemblyInfo.cs
mcs/class/System.DirectoryServices.Protocols/System.DirectoryServices.Protocols/AsqResponseControl.cs
mcs/class/System.DirectoryServices.Protocols/System.DirectoryServices.Protocols/AuthType.cs
mcs/class/System.DirectoryServices.Protocols/System.DirectoryServices.Protocols/BerConverter.cs
mcs/class/System.DirectoryServices.Protocols/System.DirectoryServices.Protocols/CompareResponse.cs
mcs/class/System.DirectoryServices.Protocols/System.DirectoryServices.Protocols/CrossDomainMoveControl.cs
mcs/class/System.DirectoryServices.Protocols/System.DirectoryServices.Protocols/DeleteResponse.cs
mcs/class/System.DirectoryServices.Protocols/System.DirectoryServices.Protocols/DereferenceAlias.cs
mcs/class/System.DirectoryServices.Protocols/System.DirectoryServices.Protocols/DereferenceConnectionCallback.cs
mcs/class/System.DirectoryServices.Protocols/System.DirectoryServices.Protocols/DirSyncRequestControl.cs
mcs/class/System.DirectoryServices.Protocols/System.DirectoryServices.Protocols/DirSyncResponseControl.cs
mcs/class/System.DirectoryServices.Protocols/System.DirectoryServices.Protocols/DirectoryAttributeModification.cs
mcs/class/System.DirectoryServices.Protocols/System.DirectoryServices.Protocols/DirectoryAttributeOperation.cs
mcs/class/System.DirectoryServices.Protocols/System.DirectoryServices.Protocols/DirectoryControl.cs
mcs/class/System.DirectoryServices.Protocols/System.DirectoryServices.Protocols/DirectoryIdentifier.cs
mcs/class/System.DirectoryServices.Protocols/System.DirectoryServices.Protocols/DirectoryNotificationControl.cs
mcs/class/System.DirectoryServices.Protocols/System.DirectoryServices.Protocols/DirectoryOperation.cs
mcs/class/System.DirectoryServices.Protocols/System.DirectoryServices.Protocols/DirectoryResponse.cs
mcs/class/System.DirectoryServices.Protocols/System.DirectoryServices.Protocols/DirectorySynchronizationOptions.cs
mcs/class/System.DirectoryServices.Protocols/System.DirectoryServices.Protocols/DomainScopeControl.cs
mcs/class/System.DirectoryServices.Protocols/System.DirectoryServices.Protocols/DsmlDirectoryIdentifier.cs
mcs/class/System.DirectoryServices.Protocols/System.DirectoryServices.Protocols/DsmlDocumentProcessing.cs
mcs/class/System.DirectoryServices.Protocols/System.DirectoryServices.Protocols/DsmlErrorProcessing.cs
mcs/class/System.DirectoryServices.Protocols/System.DirectoryServices.Protocols/DsmlErrorResponse.cs
mcs/class/System.DirectoryServices.Protocols/System.DirectoryServices.Protocols/DsmlResponseOrder.cs
mcs/class/System.DirectoryServices.Protocols/System.DirectoryServices.Protocols/ErrorResponseCategory.cs
mcs/class/System.DirectoryServices.Protocols/System.DirectoryServices.Protocols/ExtendedDNControl.cs
mcs/class/System.DirectoryServices.Protocols/System.DirectoryServices.Protocols/ExtendedDNFlag.cs
mcs/class/System.DirectoryServices.Protocols/System.DirectoryServices.Protocols/ExtendedResponse.cs
mcs/class/System.DirectoryServices.Protocols/System.DirectoryServices.Protocols/LazyCommitControl.cs
mcs/class/System.DirectoryServices.Protocols/System.DirectoryServices.Protocols/LdapDirectoryIdentifier.cs
mcs/class/System.DirectoryServices.Protocols/System.DirectoryServices.Protocols/LocatorFlags.cs
mcs/class/System.DirectoryServices.Protocols/System.DirectoryServices.Protocols/ModifyDNResponse.cs
mcs/class/System.DirectoryServices.Protocols/System.DirectoryServices.Protocols/ModifyResponse.cs
mcs/class/System.DirectoryServices.Protocols/System.DirectoryServices.Protocols/PageResultRequestControl.cs
mcs/class/System.DirectoryServices.Protocols/System.DirectoryServices.Protocols/PageResultResponseControl.cs
mcs/class/System.DirectoryServices.Protocols/System.DirectoryServices.Protocols/PartialResultProcessing.cs
mcs/class/System.DirectoryServices.Protocols/System.DirectoryServices.Protocols/PermissiveModifyControl.cs
mcs/class/System.DirectoryServices.Protocols/System.DirectoryServices.Protocols/ReferralCallback.cs
mcs/class/System.DirectoryServices.Protocols/System.DirectoryServices.Protocols/ReferralChasingOptions.cs
mcs/class/System.DirectoryServices.Protocols/System.DirectoryServices.Protocols/ResultCode.cs
mcs/class/System.DirectoryServices.Protocols/System.DirectoryServices.Protocols/SearchOption.cs
mcs/class/System.DirectoryServices.Protocols/System.DirectoryServices.Protocols/SearchResultEntry.cs
mcs/class/System.DirectoryServices.Protocols/System.DirectoryServices.Protocols/SearchResultReference.cs
mcs/class/System.DirectoryServices.Protocols/System.DirectoryServices.Protocols/SearchScope.cs
mcs/class/System.DirectoryServices.Protocols/System.DirectoryServices.Protocols/SecurityDescriptorFlagControl.cs
mcs/class/System.DirectoryServices.Protocols/System.DirectoryServices.Protocols/SecurityMasks.cs
mcs/class/System.DirectoryServices.Protocols/System.DirectoryServices.Protocols/SecurityProtocol.cs
mcs/class/System.DirectoryServices.Protocols/System.DirectoryServices.Protocols/ShowDeletedControl.cs
mcs/class/System.DirectoryServices.Protocols/System.DirectoryServices.Protocols/SortKey.cs
mcs/class/System.DirectoryServices.Protocols/System.DirectoryServices.Protocols/SortRequestControl.cs
mcs/class/System.DirectoryServices.Protocols/System.DirectoryServices.Protocols/SortResponseControl.cs
mcs/class/System.DirectoryServices.Protocols/System.DirectoryServices.Protocols/TreeDeleteControl.cs
mcs/class/System.DirectoryServices.Protocols/System.DirectoryServices.Protocols/VerifyNameControl.cs
mcs/class/System.DirectoryServices.Protocols/System.DirectoryServices.Protocols/VlvResponseControl.cs
mcs/class/System.DirectoryServices/System.DirectoryServices.dll.sources
mcs/class/System.Net/Assembly/TypeForwarders.cs
mcs/class/System.ServiceModel.Web/System.Runtime.Serialization.Json/TypeMap.cs
mcs/class/System.ServiceModel.Web/System.ServiceModel.Syndication/Atom10FeedFormatter.cs
mcs/class/System.ServiceModel.Web/Test/System.Runtime.Serialization.Json/DataContractJsonSerializerTest.cs
mcs/class/System.ServiceModel.Web/Test/System.ServiceModel.Activation/WebScriptServiceHostFactoryTest.cs
mcs/class/System.ServiceModel.Web/Test/System.ServiceModel.Channels/WebMessageEncodingBindingElementTest.cs
mcs/class/System.ServiceModel.Web/Test/System.ServiceModel.Configuration/WebHttpBindingElementTest.cs
mcs/class/System.ServiceModel.Web/Test/System.ServiceModel.Description/WebHttpBehaviorTest.cs
mcs/class/System.ServiceModel.Web/Test/System.ServiceModel.Description/WebHttpEndpointTest.cs
mcs/class/System.ServiceModel.Web/Test/System.ServiceModel.Description/WebScriptEnablingBehaviorTest.cs
mcs/class/System.ServiceModel.Web/Test/System.ServiceModel.Dispatcher/WebHttpDispatchOperationSelectorTest.cs
mcs/class/System.ServiceModel.Web/Test/System.ServiceModel.Syndication/Atom10FeedFormatterTest.cs
mcs/class/System.ServiceModel.Web/Test/System.ServiceModel.Syndication/Atom10ItemFormatterTest.cs
mcs/class/System.ServiceModel.Web/Test/System.ServiceModel.Syndication/AtomPub10CategoriesDocumentFormatterTest.cs
mcs/class/System.ServiceModel.Web/Test/System.ServiceModel.Syndication/AtomPub10ServiceDocumentFormatterTest.cs
mcs/class/System.ServiceModel.Web/Test/System.ServiceModel.Syndication/Rss20FeedFormatterTest.cs
mcs/class/System.ServiceModel.Web/Test/System.ServiceModel.Syndication/Rss20ItemFormatterTest.cs
mcs/class/System.ServiceModel.Web/Test/System.ServiceModel.Syndication/ServiceDocumentTest.cs
mcs/class/System.ServiceModel.Web/Test/System.ServiceModel.Syndication/SyndicationElementExtensionTest.cs
mcs/class/System.ServiceModel.Web/Test/System.ServiceModel.Syndication/SyndicationFeedTest.cs
mcs/class/System.ServiceModel.Web/Test/System.ServiceModel.Syndication/SyndicationItemTest.cs
mcs/class/System.ServiceModel.Web/Test/System.ServiceModel.Syndication/SyndicationLinkTest.cs
mcs/class/System.ServiceModel.Web/Test/System.ServiceModel.Syndication/TextSyndicationContentTest.cs
mcs/class/System.ServiceModel.Web/Test/System.ServiceModel.Syndication/UrlSyndicationContentTest.cs
mcs/class/System.ServiceModel.Web/Test/System.ServiceModel.Syndication/XmlSyndicationContentTest.cs
mcs/class/System.ServiceModel.Web/Test/System.ServiceModel.Web/WebOperationContextTest.cs
mcs/class/System.ServiceModel.Web/Test/System.ServiceModel.Web/WebServiceHostTest.cs
mcs/class/System.ServiceModel.Web/Test/System.ServiceModel/WebHttpBindingTest.cs
mcs/class/System.ServiceModel.Web/Test/System/UriTemplateTest.cs
mcs/class/System.ServiceModel/Mono.CodeGeneration/CodeAnd.cs
mcs/class/System.ServiceModel/Mono.CodeGeneration/CodeArgument.cs
mcs/class/System.ServiceModel/Mono.CodeGeneration/CodeArgumentReference.cs
mcs/class/System.ServiceModel/Mono.CodeGeneration/CodeArithmeticOperation.cs
mcs/class/System.ServiceModel/Mono.CodeGeneration/CodeArrayItem.cs
mcs/class/System.ServiceModel/Mono.CodeGeneration/CodeArrayLength.cs
mcs/class/System.ServiceModel/Mono.CodeGeneration/CodeAssignment.cs
mcs/class/System.ServiceModel/Mono.CodeGeneration/CodeBinaryComparison.cs
mcs/class/System.ServiceModel/Mono.CodeGeneration/CodeBinaryOperation.cs
mcs/class/System.ServiceModel/Mono.CodeGeneration/CodeBlock.cs
mcs/class/System.ServiceModel/Mono.CodeGeneration/CodeBuilder.cs
mcs/class/System.ServiceModel/Mono.CodeGeneration/CodeCast.cs
mcs/class/System.ServiceModel/Mono.CodeGeneration/CodeClass.cs
mcs/class/System.ServiceModel/Mono.CodeGeneration/CodeCustomAttribute.cs
mcs/class/System.ServiceModel/Mono.CodeGeneration/CodeDecrement.cs
mcs/class/System.ServiceModel/Mono.CodeGeneration/CodeEquals.cs
mcs/class/System.ServiceModel/Mono.CodeGeneration/CodeExpression.cs
mcs/class/System.ServiceModel/Mono.CodeGeneration/CodeFieldReference.cs
mcs/class/System.ServiceModel/Mono.CodeGeneration/CodeFor.cs
mcs/class/System.ServiceModel/Mono.CodeGeneration/CodeForeach.cs
mcs/class/System.ServiceModel/Mono.CodeGeneration/CodeGenerationHelper.cs
mcs/class/System.ServiceModel/Mono.CodeGeneration/CodeIf.cs
mcs/class/System.ServiceModel/Mono.CodeGeneration/CodeIncrement.cs
mcs/class/System.ServiceModel/Mono.CodeGeneration/CodeIs.cs
mcs/class/System.ServiceModel/Mono.CodeGeneration/CodeItem.cs
mcs/class/System.ServiceModel/Mono.CodeGeneration/CodeLiteral.cs
mcs/class/System.ServiceModel/Mono.CodeGeneration/CodeMethod.cs
mcs/class/System.ServiceModel/Mono.CodeGeneration/CodeMethodCall.cs
mcs/class/System.ServiceModel/Mono.CodeGeneration/CodeModule.cs
mcs/class/System.ServiceModel/Mono.CodeGeneration/CodeNew.cs
mcs/class/System.ServiceModel/Mono.CodeGeneration/CodeNewArray.cs
mcs/class/System.ServiceModel/Mono.CodeGeneration/CodeNotEquals.cs
mcs/class/System.ServiceModel/Mono.CodeGeneration/CodeOr.cs
mcs/class/System.ServiceModel/Mono.CodeGeneration/CodeProperty.cs
mcs/class/System.ServiceModel/Mono.CodeGeneration/CodePropertyReference.cs
mcs/class/System.ServiceModel/Mono.CodeGeneration/CodeReturn.cs
mcs/class/System.ServiceModel/Mono.CodeGeneration/CodeSelect.cs
mcs/class/System.ServiceModel/Mono.CodeGeneration/CodeSelfIncrement.cs
mcs/class/System.ServiceModel/Mono.CodeGeneration/CodeTryBlock.cs
mcs/class/System.ServiceModel/Mono.CodeGeneration/CodeUnaryOperation.cs
mcs/class/System.ServiceModel/Mono.CodeGeneration/CodeValueReference.cs
mcs/class/System.ServiceModel/Mono.CodeGeneration/CodeVariableDeclaration.cs
mcs/class/System.ServiceModel/Mono.CodeGeneration/CodeVariableReference.cs
mcs/class/System.ServiceModel/Mono.CodeGeneration/CodeWhen.cs
mcs/class/System.ServiceModel/Mono.CodeGeneration/CodeWhile.cs
mcs/class/System.ServiceModel/Mono.CodeGeneration/CodeWriter.cs
mcs/class/System.ServiceModel/Mono.CodeGeneration/Exp.cs
mcs/class/System.ServiceModel/System.ServiceModel.Description/ContractDescriptionGenerator.cs
mcs/class/System.ServiceModel/System.ServiceModel/ChannelFactory_1.cs
mcs/class/System.ServiceModel/System.ServiceModel/ClientProxyGenerator.cs
mcs/class/System.ServiceModel/System.ServiceModel/FaultException_1.cs
mcs/class/System.Transactions/Makefile
mcs/class/System.Web.Routing/System.Web.Routing/Route.cs
mcs/class/System.Web.Routing/Test/System.Web.Routing/RouteTest.cs
mcs/class/System.Web.Services/Makefile
mcs/class/System.Web/System.Web.Configuration_2.0/HttpRuntimeSection.cs
mcs/class/System.Web/System.Web.Util/HttpEncoder.cs
mcs/class/System.Web/System.Web/HttpRuntime.cs
mcs/class/System.Windows.Forms.DataVisualization/System.Windows.Forms.DataVisualization.Charting/AnchorStyle.cs
mcs/class/System.Windows.Forms.DataVisualization/System.Windows.Forms.DataVisualization.Charting/AnnotationPathPoint.cs
mcs/class/System.Windows.Forms.DataVisualization/System.Windows.Forms.DataVisualization.Charting/ArrowAnnotation.cs
mcs/class/System.Windows.Forms.DataVisualization/System.Windows.Forms.DataVisualization.Charting/Axis.cs
mcs/class/System.Windows.Forms.DataVisualization/System.Windows.Forms.DataVisualization.Charting/AxisScaleView.cs
mcs/class/System.Windows.Forms.DataVisualization/System.Windows.Forms.DataVisualization.Charting/Chart.cs
mcs/class/System.Windows.Forms.DataVisualization/System.Windows.Forms.DataVisualization.Charting/ChartArea.cs
mcs/class/System.Windows.Forms.DataVisualization/System.Windows.Forms.DataVisualization.Charting/ChartElement.cs
mcs/class/System.Windows.Forms.DataVisualization/System.Windows.Forms.DataVisualization.Charting/ChartGraphics.cs
mcs/class/System.Windows.Forms.DataVisualization/System.Windows.Forms.DataVisualization.Charting/ChartNamedElementCollection.cs
mcs/class/System.Windows.Forms.DataVisualization/System.Windows.Forms.DataVisualization.Charting/DataPoint.cs
mcs/class/System.Windows.Forms.DataVisualization/System.Windows.Forms.DataVisualization.Charting/DataPointCollection.cs
mcs/class/System.Windows.Forms.DataVisualization/System.Windows.Forms.DataVisualization.Charting/DataPointCustomProperties.cs
mcs/class/System.Windows.Forms.DataVisualization/System.Windows.Forms.DataVisualization.Charting/Series.cs
mcs/class/System.Windows.Forms.DataVisualization/System.Windows.Forms.DataVisualization.Charting/ToolTipEventArgs.cs
mcs/class/System.Windows.Forms.DataVisualization/System.Windows.Forms.DataVisualization.csproj
mcs/class/System.Windows.Forms.DataVisualization/System.Windows.Forms.DataVisualization.dll.sources
mcs/class/System.Windows.Forms.DataVisualization/Test/ChartingTests.csproj
mcs/class/System.XML/Mono.Xml.Schema/XsdValidatingReader.cs
mcs/class/System.XML/Mono.Xml.Xsl/XslStylesheet.cs
mcs/class/System.XML/System.Xml.Schema/BuiltInDatatype.cs
mcs/class/System.XML/System.Xml.Schema/XmlAtomicValue.cs
mcs/class/System.XML/System.Xml.Schema/XmlSchemaSet.cs
mcs/class/System.XML/System.Xml.Schema/XmlSchemaValidator.cs
mcs/class/System.XML/System.Xml.Serialization/MapCodeGenerator.cs
mcs/class/System.XML/System.Xml.Serialization/XmlSchemaImporter.cs
mcs/class/System.XML/System.Xml/XQueryConvert.cs
mcs/class/System.XML/System.Xml/XmlConvert.cs
mcs/class/System.XML/Test/System.Xml.Schema/XmlSchemaDatatypeTests.cs
mcs/class/System.XML/Test/System.Xml.Schema/XmlSchemaSetTests.cs
mcs/class/System.XML/Test/System.Xml.Schema/XmlSchemaValidatorTests.cs
mcs/class/System.XML/Test/System.Xml.Xsl/XslTransformTests.cs
mcs/class/System.Xml.Linq/System.Xml.Linq/XElement.cs
mcs/class/System.Xml.Linq/System.Xml.Linq/XNode.cs
mcs/class/System.Xml.Linq/System.Xml.Linq/XUtil.cs
mcs/class/System.Xml.Linq/Test/System.Xml.Linq/XElementTest.cs
mcs/class/System/Makefile
mcs/class/System/System.CodeDom/CodeNamespace.cs
mcs/class/System/System.Collections.Generic/SortedList.cs
mcs/class/System/System.Collections.ObjectModel/ObservableCollection.cs
mcs/class/System/System.IO.Compression/DeflateStream.cs
mcs/class/System/System.Net.Sockets/Socket_2_1.cs
mcs/class/System/System.Net/ListenerAsyncResult.cs
mcs/class/System/Test/Microsoft.CSharp/CodeGeneratorFromCompileUnitTest.cs
mcs/class/System/Test/System.IO.Compression/GzipStreamTest.cs
mcs/class/System/Test/System.Net/DnsTest.cs
mcs/class/WindowsBase/System.Collections.ObjectModel/ObservableCollection.cs
mcs/class/build-rx-dll-sources.sh
mcs/class/corlib/Makefile
mcs/class/corlib/System.Globalization/CultureInfo.cs
mcs/class/corlib/System.IO/FileStream.cs
mcs/class/corlib/System.Reflection.Emit/ConstructorBuilder.cs
mcs/class/corlib/System.Reflection.Emit/ConstructorOnTypeBuilderInst.cs
mcs/class/corlib/System.Reflection.Emit/DynamicILInfo.cs
mcs/class/corlib/System.Reflection.Emit/DynamicMethod.cs
mcs/class/corlib/System.Reflection.Emit/ILGenerator.cs
mcs/class/corlib/System.Reflection.Emit/MethodBuilder.cs
mcs/class/corlib/System.Reflection.Emit/ModuleBuilder.cs
mcs/class/corlib/System.Reflection/Binder.cs
mcs/class/corlib/System.Reflection/MonoMethod.cs
mcs/class/corlib/System.Reflection/MonoProperty.cs
mcs/class/corlib/System.Reflection/ParameterInfo.cs
mcs/class/corlib/System.Reflection/RuntimeReflectionExtensions.cs
mcs/class/corlib/System.Security.Cryptography/RSACryptoServiceProvider.cs
mcs/class/corlib/System.Text/Decoder.cs
mcs/class/corlib/System.Threading.Tasks/Task.cs
mcs/class/corlib/System.Threading/CancellationToken.cs
mcs/class/corlib/System.Threading/ManualResetEventSlim.cs
mcs/class/corlib/System.Threading/SynchronizationContext.cs
mcs/class/corlib/System.Threading/Thread.cs
mcs/class/corlib/System.Threading/Timer.cs
mcs/class/corlib/System/Console.cs
mcs/class/corlib/System/Guid.cs
mcs/class/corlib/System/Type.cs
mcs/class/corlib/System/Variant.cs
mcs/class/corlib/Test/System.Globalization/CultureInfoTest.cs
mcs/class/corlib/Test/System.IO/FileStreamTest.cs
mcs/class/corlib/Test/System.Reflection.Emit/AssemblyBuilderTest.cs
mcs/class/corlib/Test/System.Reflection.Emit/DynamicILInfoTest.cs
mcs/class/corlib/Test/System.Reflection/BinderTests.cs
mcs/class/corlib/Test/System.Reflection/PropertyInfoTest.cs
mcs/class/corlib/Test/System.Runtime.CompilerServices/TaskAwaiterTest.cs
mcs/class/corlib/Test/System.Security.Cryptography/RSACryptoServiceProviderTest.cs
mcs/class/corlib/Test/System.Threading/ThreadTest.cs
mcs/class/corlib/Test/System/ConsoleTest.cs
mcs/class/corlib/Test/System/DelegateTest.cs
mcs/class/corlib/Test/System/GuidTest.cs
mcs/class/corlib/Test/System/TypeTest.cs
mcs/class/corlib/corlib.dll.sources
mcs/errors/cs0075.cs
mcs/errors/cs0118-11.cs
mcs/errors/cs0118-12.cs
mcs/errors/cs0119-8.cs
mcs/errors/cs1678.cs
mcs/jay/jay.vcxproj
mcs/mcs/complete.cs
mcs/mcs/cs-tokenizer.cs
mcs/mcs/mono
mcs/tests/gtest-etree-01.cs
mcs/tests/known-issues-net_4_5
mcs/tests/ps-issue-119.as
mcs/tests/ps-issue-121.as
mcs/tests/ps-issue-144.as
mcs/tests/ps-issue-157.as
mcs/tests/ps-issue-18-properties.cs
mcs/tests/ps-issue-18.as
mcs/tests/ps-issue-207.as
mcs/tests/pstest-000.cs
mcs/tests/pstest-000.play
mcs/tests/pstest-001.as
mcs/tests/pstest-001.play
mcs/tests/pstest-002.as
mcs/tests/pstest-002.play
mcs/tests/pstest-003.as
mcs/tests/pstest-003.play
mcs/tests/pstest-004.as
mcs/tests/pstest-004.play
mcs/tests/pstest-005.as
mcs/tests/pstest-005.play
mcs/tests/pstest-006.as
mcs/tests/pstest-006.play
mcs/tests/pstest-007.as
mcs/tests/pstest-007.play
mcs/tests/pstest-008.as
mcs/tests/pstest-008.play
mcs/tests/pstest-009.as
mcs/tests/pstest-010.as
mcs/tests/pstest-011.as
mcs/tests/pstest-012.as
mcs/tests/pstest-012a.as
mcs/tests/pstest-012b.as
mcs/tests/pstest-012c.as
mcs/tests/pstest-013.as
mcs/tests/pstest-014.as
mcs/tests/pstest-015.as
mcs/tests/test-591.cs
mcs/tests/test-anon-94.cs
mcs/tests/test-async-13.cs
mcs/tests/test-debug-11-ref.xml
mcs/tests/test-debug-27-ref.xml
mcs/tools/linker/Mono.Linker.Steps/BlacklistStep.cs
mcs/tools/linker/Mono.Linker.Steps/OutputStep.cs
mcs/tools/linker/Mono.Linker/AssemblyAction.cs
mcs/tools/mdoc/Resources/monodoc-ecma.xsd
mcs/tools/mkbundle/mkbundle.cs
mcs/tools/tuner/Mono.Tuner/PreserveSoapHttpClients.cs
mcs/tools/xbuild/xbuild/2.0/Microsoft.Common.targets
mcs/tools/xbuild/xbuild/3.5/Microsoft.Common.targets
mcs/tools/xbuild/xbuild/4.0/Microsoft.Common.targets
mono-core.spec.in
mono/dis/declsec.c
mono/dis/dis-cil.c
mono/dis/dump.c
mono/dis/get.c
mono/dis/util.c
mono/dis/util.h
mono/io-layer/io-layer.h
mono/io-layer/messages.c
mono/io-layer/shared.c
mono/profiler/proflog.c
mono/tests/bug-438454.cs
mono/tests/finalizer-exception.cs
mono/tests/gc-descriptors/Makefile.am
mono/tests/marshal2.cs
mono/tests/runtime-invoke.cs
mono/tests/test-driver
msvc/eglib.vcxproj
msvc/genmdesc.vcxproj
msvc/libgc.vcxproj
msvc/libmono.vcxproj
msvc/libmonoruntime.vcxproj
msvc/libmonoutils.vcxproj
msvc/libtest.vcxproj
msvc/mono.vcxproj
msvc/monodiet.vcxproj
msvc/monodis.vcxproj
msvc/monograph.vcxproj
msvc/monoposixhelper.vcxproj
msvc/pedump.vcxproj
msvc/profiler-codeanalyst.vcxproj
msvc/profiler-cov.vcxproj
msvc/profiler-logging.vcxproj
msvc/profiler-vtune.vcxproj
msvc/test-invoke.vcxproj
msvc/test-metadata.vcxproj
msvc/test_eglib.vcxproj
msvc/teste.vcxproj
scripts/dmcs.in
scripts/gmcs.in
support/map.h
support/unistd.c
tools/locale-builder/Driver.cs
